
> youmanapp@1.0.0 build
> vite build

vite v8.0.0 building client environment for production...
[2Ktransforming...✓ 2736 modules transformed.
rendering chunks...
computing gzip size...
dist/registerSW.js                  0.13 kB
dist/manifest.webmanifest           0.37 kB
dist/index.html                     1.29 kB │ gzip:   0.64 kB
dist/assets/index-Cs1n49Mv.css      9.56 kB │ gzip:   2.47 kB
dist/assets/index-CEp3NkM_.js   1,001.64 kB │ gzip: 287.16 kB

✓ built in 5.45s
[plugin builtin:vite-reporter] 
(!) Some chunks are larger than 500 kB after minification. Consider:
- Using dynamic import() to code-split the application
- Use build.rolldownOptions.output.codeSplitting to improve chunking: https://rolldown.rs/reference/OutputOptions.codeSplitting
- Adjust chunk size limit for this warning via build.chunkSizeWarningLimit.

PWA v1.2.0
mode      generateSW
precache  14 entries (23802.69 KiB)
files generated
  dist/sw.js
  dist/workbox-d4f8be5c.js
